// Jest Snapshot v1, https://goo.gl/fbAQLP

exports[`Contact Actions should render with given state from Redux store 1`] = `undefined`;
